AREA .  .ABS.
	RADIX HEX
	BASE 0000
	SIZE 0000
	ATTRIB ABS OVR
	GLOBALS
		l__HEAP	0000
		l__BSEG	0000
		l_.  .ABS.	0000
		l__GSFINAL	0000
		l__ISEG	0000
		s_.  .ABS.	0000
		s__HEADER	0000
		l__XSEG	0000
		.init	0000
		l__OVERLAY	0000
		l__LIT	0000
		l__GSINITTAIL	0001
		l__BSS	0087
		l__HEADER	01EB
		s__CODE	0200
		l__HOME	04AD
		l__BASE	1013
		l__GSINIT	11A8
		l__DATA	1ACD
		l__CODE	2A04
		s__HOME	2C04
		s__BASE	30B1
		s__LIT	40C4
		s__GSINIT	40C4
		s__GSINITTAIL	526C
		s__GSFINAL	526D
		.OAM	C000
		s__DATA	C0A0
		s__BSS	DB6D
		s__HEAP	DBF4
		s__BSEG	DBF4
		s__ISEG	DBF4
		s__XSEG	DBF4
		s__OVERLAY	DBF4
		.STACK	E000
		.refresh_OAM	FF80
AREA _CODE
	RADIX HEX
	BASE 0200
	SIZE 2A04
	ATTRIB REL CON
	GLOBALS
		_performantDelay	0200
		_timers	0216
		_main	021B
		_init	0251
		_spread_fire	030F
		_map_enviroment_tiles	0424
		_change_char	07EB
		_map_loop	0904
		_helper_copy_map	095A
		_copy_map	098C
		_map_init	0A49
		_instanciate_chars	0A61
		_got_key	0B4A
		_got_door	0BF7
		_is_ded	0DE1
		_dog1_power	0E6D
		__get_next_map_position	1104
		_dog1_power_apply	11B8
		__get_map_position_from_xy	1365
		_player_input	13BF
		_can_move_to_map_pos	1555
		_can_move	161E
		_rotate_player	1707
		_move_character	18AD
		_set_character_sprite	223A
		__divschar_rrx_s	22D6
		__divschar_rrx_hds	22DD
		__modschar_rrx_s	22E4
		__modschar_rrx_hds	22EB
		__divsint_rrx_s	22F0
		__divsint_rrx_hds	22FC
		__modsint_rrx_s	2304
		__modsint_rrx_hds	2310
		__divuchar_rrx_s	2316
		__divuchar_rrx_hds	231D
		__moduchar_rrx_s	2324
		__moduchar_rrx_hds	232B
		__divuint_rrx_s	2330
		__divuint_rrx_hds	233C
		__moduint_rrx_s	2344
		__moduint_rrx_hds	2350
		.mod8	2356
		.div8	2356
		.mod16	235E
		.div16	235E
		.modu8	2398
		.divu8	2398
		.modu16	239B
		.divu16	239B
		_set_bkg_palette_entry	23D8
		_set_sprite_palette_entry	2400
		_cpu_slow	2428
		_cpu_fast	2443
		_cgb_compatibility	244A
		_putchar	2493
		_setchar	249C
		_gotoxy	24A5
		_posx	24B0
		_posy	24C1
		.adv_gcurs	24D2
		.circle	24EF
		.horlin	2592
		.verlin	25CA
		.circplot	2626
		.box	26A4
		.line	277A
		.xonly	289B
		.yonly	29EA
		.plot	2A0B
		.wrbyte	2A28
		.getpix	2AAA
		.wrtchr	2ADF
		_gotogxy	2B43
		_wrtchr	2B4E
		_getpix	2B63
		_color	2B6F
		_circle	2B7E
		_box	2B98
		_line	2BBC
		_plot_point	2BD4
		_plot	2BE8
AREA _HEADER
	RADIX HEX
	BASE 0000
	SIZE 01EB
	ATTRIB ABS OVR
	GLOBALS
		_exit	01D2
AREA _HOME
	RADIX HEX
	BASE 2C04
	SIZE 04AD
	ATTRIB REL CON
	GLOBALS
		.set_mode	2C04
		.remove_VBL	2C14
		.remove_LCD	2C1A
		.remove_TIM	2C20
		.remove_SIO	2C26
		.remove_JOY	2C2C
		.add_VBL	2C32
		.add_LCD	2C38
		.add_TIM	2C3E
		.add_SIO	2C44
		.add_JOY	2C4A
		.remove_int	2C50
		.add_int	2C70
		.wait_vbl_done	2C8C
		_wait_vbl_done	2C8C
		_display_off	2CA3
		.display_off	2CA3
		.serial_IO	2CC4
		_mode	2CF3
		_get_mode	2CFC
		_enable_interrupts	2D01
		_disable_interrupts	2D03
		_reset	2D05
		.reset	2D05
		_set_interrupts	2D0B
		_remove_VBL	2D16
		_remove_LCD	2D21
		_remove_TIM	2D2C
		_remove_SIO	2D37
		_remove_JOY	2D42
		_add_VBL	2D4D
		_add_LCD	2D58
		_add_TIM	2D63
		_add_SIO	2D6E
		_add_JOY	2D79
		_clock	2D84
		__printTStates	2D8D
		banked_call	2D8E
		banked_ret	2DA7
		__initrleblock	2DB0
		_printf	2DD7
		_sprintf	2DF4
AREA _BASE
	RADIX HEX
	BASE 30B1
	SIZE 1013
	ATTRIB REL CON
	GLOBALS
		.set_sprite_prop	30B1
		_set_sprite_prop	30BE
		_set_bkg_palette	30C9
		_set_sprite_palette	30F4
		.mv_sprite	311F
		_move_sprite	312E
		_set_win_data	313B
		_set_bkg_data	313B
		_set_sprite_data	3188
		.padup	31B7
		_waitpadup	31B7
		.jpad	31C7
		.wait_pad	31F4
		_joypad	31FB
		_waitpad	3200
		.set_sprite_tile	320A
		_set_sprite_tile	3217
		.copy_vram	3222
		_get_data	3231
		_set_data	3231
		_set_bkg_tiles	3244
		font_copy_uncompressed	3258
		font_copy_compressed	328E
		font_load	32E3
		font_copy_current	332B
		font_set	3373
		.put_char	3380
		.out_char	3399
		.del_char	33A0
		_font_load	33FB
		_font_set	3409
		_font_init	3418
		_cls	343A
		.cls	343A
		.cr_curs	346C
		.adv_curs	3481
		.tmode	34DD
		.tmode_out	3506
		_font_load_ibm_fixed	3516
		_font_ibm_fixed	351D
		_font_ibm_fixed_tiles	361F
		.gmode	3E1F
		.vbl	3E81
		.lcd	3E8C
		.draw_image	3E99
		.switch_data	3EA3
		_switch_data	3EDA
		_draw_image	3EF5
		.y_table	3F08
		.set_xy_wtt	4028
		.set_xy_btt	4039
		.set_xy_tt	4048
		_set_tiles	4079
		.init_vram	4092
		.init_wtt	40A0
		.init_btt	40B0
		.init_tt	40BE
AREA _LIT
	RADIX HEX
	BASE 40C4
	SIZE 0000
	ATTRIB REL CON
AREA _GSINIT
	RADIX HEX
	BASE 40C4
	SIZE 11A8
	ATTRIB REL CON
	GLOBALS
		gsinit	40C4
AREA _GSINITTAIL
	RADIX HEX
	BASE 526C
	SIZE 0001
	ATTRIB REL CON
AREA _GSFINAL
	RADIX HEX
	BASE 526D
	SIZE 0000
	ATTRIB REL CON
AREA _DATA
	RADIX HEX
	BASE C0A0
	SIZE 1ACD
	ATTRIB REL CON
	GLOBALS
		_Characters	C0A0
		_Map1	C290
		_Map2	C3F8
		_Map3	C560
		_Map4	C6C8
		_Map5	C830
		_Map6	C998
		_Map7	CB00
		_Map8	CC68
		_Map9	CDD0
		_Map10	CF38
		_MapTest	D0A0
		_sprites_park	D208
		_spritePalette	D998
		_running	D9A0
		_timer	D9A1
		_characters_available	D9A2
		_input_timer	D9A3
		_current_map	D9A4
		_map	D9A5
		_bunny	DB0D
		_dog1	DB1B
		_dog2	DB29
		_cat	DB37
		_horse	DB45
		_player	DB53
		_key	DB55
		_item1	DB5B
		_item2	DB61
		_item3	DB67
AREA _BSS
	RADIX HEX
	BASE DB6D
	SIZE 0087
	ATTRIB REL CON
	GLOBALS
		__cpu	DB6D
		.mode	DB6E
		__io_out	DB6F
		__io_in	DB70
		__io_status	DB71
		.vbl_done	DB72
		__current_bank	DB73
		_sys_time	DB74
		.sys_time	DB74
		.int_0x40	DB76
		.int_0x48	DB86
		.int_0x50	DB96
		.int_0x58	DBA6
		.int_0x60	DBB6
		font_current	DBC9
		font_first_free_tile	DBCC
		font_table	DBCD
		.curx	DBDF
		.cury	DBE0
		.fg_colour	DBE1
		.bg_colour	DBE2
AREA _HEAP
	RADIX HEX
	BASE DBF4
	SIZE 0000
	ATTRIB REL CON
	GLOBALS
		_malloc_heap_start	DBF4
AREA _OVERLAY
	RADIX HEX
	BASE DBF4
	SIZE 0000
	ATTRIB REL CON
AREA _ISEG
	RADIX HEX
	BASE DBF4
	SIZE 0000
	ATTRIB REL CON
AREA _BSEG
	RADIX HEX
	BASE DBF4
	SIZE 0000
	ATTRIB REL CON
AREA _XSEG
	RADIX HEX
	BASE DBF4
	SIZE 0000
	ATTRIB REL CON
MODULES
	FILE /home/nimbfire/Documents/gbdk/lib/small/asxxxx/gb/crt0.o
		NAME Runtime
	FILE game.o
		NAME lcc9690
LIBRARIES
	LIBRARY /home/nimbfire/Documents/gbdk/lib/small/asxxxx/gbz80/gbz80.lib
		MODULE crt0_rle.o
	LIBRARY /home/nimbfire/Documents/gbdk/lib/small/asxxxx/gb/gb.lib
		MODULE set_prop.o
	LIBRARY /home/nimbfire/Documents/gbdk/lib/small/asxxxx/gbz80/gbz80.lib
		MODULE div.o
	LIBRARY /home/nimbfire/Documents/gbdk/lib/small/asxxxx/gb/gb.lib
		MODULE cgb.o
	LIBRARY /home/nimbfire/Documents/gbdk/lib/small/asxxxx/gb/gb.lib
		MODULE mv_spr.o
	LIBRARY /home/nimbfire/Documents/gbdk/lib/small/asxxxx/gb/gb.lib
		MODULE set_data.o
	LIBRARY /home/nimbfire/Documents/gbdk/lib/small/asxxxx/gb/gb.lib
		MODULE pad.o
	LIBRARY /home/nimbfire/Documents/gbdk/lib/small/asxxxx/gb/gb.lib
		MODULE set_spr.o
	LIBRARY /home/nimbfire/Documents/gbdk/lib/small/asxxxx/gbz80/gbz80.lib
		MODULE printf.o
	LIBRARY /home/nimbfire/Documents/gbdk/lib/small/asxxxx/gb/gb.lib
		MODULE cpy_data.o
	LIBRARY /home/nimbfire/Documents/gbdk/lib/small/asxxxx/gb/gb.lib
		MODULE set_bk_t.o
	LIBRARY /home/nimbfire/Documents/gbdk/lib/small/asxxxx/gb/gb.lib
		MODULE font.o
	LIBRARY /home/nimbfire/Documents/gbdk/lib/small/asxxxx/gb/gb.lib
		MODULE ibmfixed.o
	LIBRARY /home/nimbfire/Documents/gbdk/lib/small/asxxxx/gb/gb.lib
		MODULE drawing.o
	LIBRARY /home/nimbfire/Documents/gbdk/lib/small/asxxxx/gb/gb.lib
		MODULE set_xy_t.o
	LIBRARY /home/nimbfire/Documents/gbdk/lib/small/asxxxx/gb/gb.lib
		MODULE init_tt.o
USERBASEDEF
	_CODE=0x0200
	_DATA=0xC0A0
	_CODE_1=0x4000
USERGLOBALDEF
	.OAM=0xC000
	.STACK=0xE000
	.refresh_OAM=0xFF80
	.init=0x0000
