AREA .  .ABS.
	RADIX HEX
	BASE 0000
	SIZE 0000
	ATTRIB ABS OVR
	GLOBALS
		l__HEAP	0000
		l__BSEG	0000
		l_.  .ABS.	0000
		l__GSFINAL	0000
		l__ISEG	0000
		s_.  .ABS.	0000
		s__HEADER	0000
		l__XSEG	0000
		.init	0000
		l__OVERLAY	0000
		l__LIT	0000
		l__GSINITTAIL	0001
		l__BSS	0087
		l__HEADER	01EB
		s__CODE	0200
		l__HOME	04AD
		l__GSINIT	0594
		l__DATA	0A60
		l__BASE	1013
		l__CODE	1E68
		s__HOME	2068
		s__BASE	2515
		s__LIT	3528
		s__GSINIT	3528
		s__GSINITTAIL	3ABC
		s__GSFINAL	3ABD
		.OAM	C000
		s__DATA	C0A0
		s__BSS	CB00
		s__HEAP	CB87
		s__BSEG	CB87
		s__ISEG	CB87
		s__XSEG	CB87
		s__OVERLAY	CB87
		.STACK	E000
		.refresh_OAM	FF80
AREA _CODE
	RADIX HEX
	BASE 0200
	SIZE 1E68
	ATTRIB REL CON
	GLOBALS
		_performantDelay	0200
		_timers	0216
		_main	0227
		_init	025D
		_map_water	031B
		_change_char	03CA
		_map_loop	04EF
		_helper_copy_map	053C
		_copy_map	056E
		_map_init	0599
		_instanciate_chars	05B1
		_got_key	067E
		_is_ded	072B
		_dog1_power	0800
		_dog1_power_apply	094A
		_get_player_map_position	0A54
		_player_input	0AA8
		_can_move	0BEE
		_rotate_player	0D07
		_move_character	0EAD
		_set_character_sprite	16D1
		__divschar_rrx_s	173A
		__divschar_rrx_hds	1741
		__modschar_rrx_s	1748
		__modschar_rrx_hds	174F
		__divsint_rrx_s	1754
		__divsint_rrx_hds	1760
		__modsint_rrx_s	1768
		__modsint_rrx_hds	1774
		__divuchar_rrx_s	177A
		__divuchar_rrx_hds	1781
		__moduchar_rrx_s	1788
		__moduchar_rrx_hds	178F
		__divuint_rrx_s	1794
		__divuint_rrx_hds	17A0
		__moduint_rrx_s	17A8
		__moduint_rrx_hds	17B4
		.mod8	17BA
		.div8	17BA
		.mod16	17C2
		.div16	17C2
		.modu8	17FC
		.divu8	17FC
		.modu16	17FF
		.divu16	17FF
		_set_bkg_palette_entry	183C
		_set_sprite_palette_entry	1864
		_cpu_slow	188C
		_cpu_fast	18A7
		_cgb_compatibility	18AE
		_putchar	18F7
		_setchar	1900
		_gotoxy	1909
		_posx	1914
		_posy	1925
		.adv_gcurs	1936
		.circle	1953
		.horlin	19F6
		.verlin	1A2E
		.circplot	1A8A
		.box	1B08
		.line	1BDE
		.xonly	1CFF
		.yonly	1E4E
		.plot	1E6F
		.wrbyte	1E8C
		.getpix	1F0E
		.wrtchr	1F43
		_gotogxy	1FA7
		_wrtchr	1FB2
		_getpix	1FC7
		_color	1FD3
		_circle	1FE2
		_box	1FFC
		_line	2020
		_plot_point	2038
		_plot	204C
AREA _HEADER
	RADIX HEX
	BASE 0000
	SIZE 01EB
	ATTRIB ABS OVR
	GLOBALS
		_exit	01D2
AREA _HOME
	RADIX HEX
	BASE 2068
	SIZE 04AD
	ATTRIB REL CON
	GLOBALS
		.set_mode	2068
		.remove_VBL	2078
		.remove_LCD	207E
		.remove_TIM	2084
		.remove_SIO	208A
		.remove_JOY	2090
		.add_VBL	2096
		.add_LCD	209C
		.add_TIM	20A2
		.add_SIO	20A8
		.add_JOY	20AE
		.remove_int	20B4
		.add_int	20D4
		.wait_vbl_done	20F0
		_wait_vbl_done	20F0
		_display_off	2107
		.display_off	2107
		.serial_IO	2128
		_mode	2157
		_get_mode	2160
		_enable_interrupts	2165
		_disable_interrupts	2167
		_reset	2169
		.reset	2169
		_set_interrupts	216F
		_remove_VBL	217A
		_remove_LCD	2185
		_remove_TIM	2190
		_remove_SIO	219B
		_remove_JOY	21A6
		_add_VBL	21B1
		_add_LCD	21BC
		_add_TIM	21C7
		_add_SIO	21D2
		_add_JOY	21DD
		_clock	21E8
		__printTStates	21F1
		banked_call	21F2
		banked_ret	220B
		__initrleblock	2214
		_printf	223B
		_sprintf	2258
AREA _BASE
	RADIX HEX
	BASE 2515
	SIZE 1013
	ATTRIB REL CON
	GLOBALS
		.set_sprite_prop	2515
		_set_sprite_prop	2522
		_set_bkg_palette	252D
		_set_sprite_palette	2558
		.mv_sprite	2583
		_move_sprite	2592
		_set_win_data	259F
		_set_bkg_data	259F
		_set_sprite_data	25EC
		.padup	261B
		_waitpadup	261B
		.jpad	262B
		.wait_pad	2658
		_joypad	265F
		_waitpad	2664
		.set_sprite_tile	266E
		_set_sprite_tile	267B
		.copy_vram	2686
		_get_data	2695
		_set_data	2695
		_set_bkg_tiles	26A8
		font_copy_uncompressed	26BC
		font_copy_compressed	26F2
		font_load	2747
		font_copy_current	278F
		font_set	27D7
		.put_char	27E4
		.out_char	27FD
		.del_char	2804
		_font_load	285F
		_font_set	286D
		_font_init	287C
		_cls	289E
		.cls	289E
		.cr_curs	28D0
		.adv_curs	28E5
		.tmode	2941
		.tmode_out	296A
		_font_load_ibm_fixed	297A
		_font_ibm_fixed	2981
		_font_ibm_fixed_tiles	2A83
		.gmode	3283
		.vbl	32E5
		.lcd	32F0
		.draw_image	32FD
		.switch_data	3307
		_switch_data	333E
		_draw_image	3359
		.y_table	336C
		.set_xy_wtt	348C
		.set_xy_btt	349D
		.set_xy_tt	34AC
		_set_tiles	34DD
		.init_vram	34F6
		.init_wtt	3504
		.init_btt	3514
		.init_tt	3522
AREA _LIT
	RADIX HEX
	BASE 3528
	SIZE 0000
	ATTRIB REL CON
AREA _GSINIT
	RADIX HEX
	BASE 3528
	SIZE 0594
	ATTRIB REL CON
	GLOBALS
		gsinit	3528
AREA _GSINITTAIL
	RADIX HEX
	BASE 3ABC
	SIZE 0001
	ATTRIB REL CON
AREA _GSFINAL
	RADIX HEX
	BASE 3ABD
	SIZE 0000
	ATTRIB REL CON
AREA _DATA
	RADIX HEX
	BASE C0A0
	SIZE 0A60
	ATTRIB REL CON
	GLOBALS
		_Characters	C0A0
		_Map1	C290
		_Map2	C3F8
		_sprites_park	C560
		_spritePalette	C930
		_running	C938
		_timer	C939
		_characters_available	C93A
		_input_timer	C93B
		_current_map	C93C
		_map	C93D
		_bunny	CAA5
		_dog1	CAB2
		_dog2	CABF
		_cat	CACC
		_horse	CAD9
		_player	CAE6
		_key	CAE8
		_item1	CAEE
		_item2	CAF4
		_item3	CAFA
AREA _BSS
	RADIX HEX
	BASE CB00
	SIZE 0087
	ATTRIB REL CON
	GLOBALS
		__cpu	CB00
		.mode	CB01
		__io_out	CB02
		__io_in	CB03
		__io_status	CB04
		.vbl_done	CB05
		__current_bank	CB06
		_sys_time	CB07
		.sys_time	CB07
		.int_0x40	CB09
		.int_0x48	CB19
		.int_0x50	CB29
		.int_0x58	CB39
		.int_0x60	CB49
		font_current	CB5C
		font_first_free_tile	CB5F
		font_table	CB60
		.curx	CB72
		.cury	CB73
		.fg_colour	CB74
		.bg_colour	CB75
AREA _HEAP
	RADIX HEX
	BASE CB87
	SIZE 0000
	ATTRIB REL CON
	GLOBALS
		_malloc_heap_start	CB87
AREA _OVERLAY
	RADIX HEX
	BASE CB87
	SIZE 0000
	ATTRIB REL CON
AREA _ISEG
	RADIX HEX
	BASE CB87
	SIZE 0000
	ATTRIB REL CON
AREA _BSEG
	RADIX HEX
	BASE CB87
	SIZE 0000
	ATTRIB REL CON
AREA _XSEG
	RADIX HEX
	BASE CB87
	SIZE 0000
	ATTRIB REL CON
MODULES
	FILE /home/nimbfire/Documents/gbdk/lib/small/asxxxx/gb/crt0.o
		NAME Runtime
	FILE game.o
		NAME lcc324520
LIBRARIES
	LIBRARY /home/nimbfire/Documents/gbdk/lib/small/asxxxx/gbz80/gbz80.lib
		MODULE crt0_rle.o
	LIBRARY /home/nimbfire/Documents/gbdk/lib/small/asxxxx/gb/gb.lib
		MODULE set_prop.o
	LIBRARY /home/nimbfire/Documents/gbdk/lib/small/asxxxx/gbz80/gbz80.lib
		MODULE div.o
	LIBRARY /home/nimbfire/Documents/gbdk/lib/small/asxxxx/gb/gb.lib
		MODULE cgb.o
	LIBRARY /home/nimbfire/Documents/gbdk/lib/small/asxxxx/gb/gb.lib
		MODULE mv_spr.o
	LIBRARY /home/nimbfire/Documents/gbdk/lib/small/asxxxx/gb/gb.lib
		MODULE set_data.o
	LIBRARY /home/nimbfire/Documents/gbdk/lib/small/asxxxx/gb/gb.lib
		MODULE pad.o
	LIBRARY /home/nimbfire/Documents/gbdk/lib/small/asxxxx/gb/gb.lib
		MODULE set_spr.o
	LIBRARY /home/nimbfire/Documents/gbdk/lib/small/asxxxx/gbz80/gbz80.lib
		MODULE printf.o
	LIBRARY /home/nimbfire/Documents/gbdk/lib/small/asxxxx/gb/gb.lib
		MODULE cpy_data.o
	LIBRARY /home/nimbfire/Documents/gbdk/lib/small/asxxxx/gb/gb.lib
		MODULE set_bk_t.o
	LIBRARY /home/nimbfire/Documents/gbdk/lib/small/asxxxx/gb/gb.lib
		MODULE font.o
	LIBRARY /home/nimbfire/Documents/gbdk/lib/small/asxxxx/gb/gb.lib
		MODULE ibmfixed.o
	LIBRARY /home/nimbfire/Documents/gbdk/lib/small/asxxxx/gb/gb.lib
		MODULE drawing.o
	LIBRARY /home/nimbfire/Documents/gbdk/lib/small/asxxxx/gb/gb.lib
		MODULE set_xy_t.o
	LIBRARY /home/nimbfire/Documents/gbdk/lib/small/asxxxx/gb/gb.lib
		MODULE init_tt.o
USERBASEDEF
	_CODE=0x0200
	_DATA=0xC0A0
	_CODE_1=0x4000
USERGLOBALDEF
	.OAM=0xC000
	.STACK=0xE000
	.refresh_OAM=0xFF80
	.init=0x0000
